
[1m[46m RUN [49m[22m [36mv4.0.18 [39m[90mC:/Users/User/Desktop/resolve-engine[39m

 [32mΓ£ô[39m src/lib/__tests__/harness.test.ts [2m([22m[2m1 test[22m[2m)[22m[32m 7[2mms[22m[39m
 [32mΓ£ô[39m src/lib/brain/minimumInputPack.test.ts [2m([22m[2m3 tests[22m[2m)[22m[32m 20[2mms[22m[39m
 [32mΓ£ô[39m src/lib/notebooklm-contract/enforce.test.ts [2m([22m[2m22 tests[22m[2m)[22m[32m 40[2mms[22m[39m
 [32mΓ£ô[39m src/lib/notebooklm-contract/contract.test.ts [2m([22m[2m13 tests[22m[2m)[22m[32m 33[2mms[22m[39m
 [32mΓ£ô[39m src/lib/brain/notebookLMAdapter.server.test.ts [2m([22m[2m3 tests[22m[2m)[22m[32m 16[2mms[22m[39m

[2m Test Files [22m [1m[32m5 passed[39m[22m[90m (5)[39m
[2m      Tests [22m [1m[32m42 passed[39m[22m[90m (42)[39m
[2m   Start at [22m 02:29:41
[2m   Duration [22m 2.08s[2m (transform 690ms, setup 0ms, import 1.67s, tests 115ms, environment 2ms)[22m

